kotlin version: 2.0.21
error message: org.jetbrains.kotlin.com.intellij.util.io.CorruptedException: PersistentEnumerator storage corrupted E:\CareerAI\frontend\app\build\kotlin\kaptGenerateStubsDebugKotlin\cacheable\caches-jvm\jvm\kotlin\proto.tab
	at org.jetbrains.kotlin.com.intellij.util.io.PersistentEnumeratorBase.<init>(PersistentEnumeratorBase.java:168)
	at org.jetbrains.kotlin.com.intellij.util.io.PersistentBTreeEnumerator.<init>(PersistentBTreeEnumerator.java:121)
	at org.jetbrains.kotlin.com.intellij.util.io.PersistentEnumerator.createDefaultEnumerator(PersistentEnumerator.java:52)
	at org.jetbrains.kotlin.com.intellij.util.io.PersistentMapImpl.<init>(PersistentMapImpl.java:165)
	at org.jetbrains.kotlin.com.intellij.util.io.PersistentMapImpl.<init>(PersistentMapImpl.java:140)
	at org.jetbrains.kotlin.com.intellij.util.io.PersistentMapBuilder.buildImplementation(PersistentMapBuilder.java:88)
	at org.jetbrains.kotlin.com.intellij.util.io.PersistentMapBuilder.build(PersistentMapBuilder.java:71)
	at org.jetbrains.kotlin.com.intellij.util.io.PersistentHashMap.<init>(PersistentHashMap.java:45)
	at org.jetbrains.kotlin.com.intellij.util.io.PersistentHashMap.<init>(PersistentHashMap.java:71)
	at org.jetbrains.kotlin.incremental.storage.LazyStorage.createMap(LazyStorage.kt:62)
	at org.jetbrains.kotlin.incremental.storage.LazyStorage.getStorageIfExists(LazyStorage.kt:53)
	at org.jetbrains.kotlin.incremental.storage.LazyStorage.get(LazyStorage.kt:76)
	at org.jetbrains.kotlin.incremental.storage.InMemoryStorage.get(InMemoryStorage.kt:68)
	at org.jetbrains.kotlin.incremental.IncrementalJvmCache$ProtoMap.get(IncrementalJvmCache.kt:400)
	at org.jetbrains.kotlin.incremental.IncrementalJvmCache.getModuleMappingData(IncrementalJvmCache.kt:343)
	at org.jetbrains.kotlin.load.kotlin.incremental.IncrementalPackagePartProvider.moduleMappings_delegate$lambda$3(IncrementalPackagePartProvider.kt:43)
	at kotlin.SynchronizedLazyImpl.getValue(LazyJVM.kt:74)
	at org.jetbrains.kotlin.load.kotlin.incremental.IncrementalPackagePartProvider.getModuleMappings(IncrementalPackagePartProvider.kt:41)
	at org.jetbrains.kotlin.load.kotlin.incremental.IncrementalPackagePartProvider.getAllOptionalAnnotationClasses(IncrementalPackagePartProvider.kt:69)
	at org.jetbrains.kotlin.resolve.jvm.multiplatform.OptionalAnnotationPackageFragmentProvider.packages_delegate$lambda$7(OptionalAnnotationPackageFragmentProvider.kt:41)
	at org.jetbrains.kotlin.storage.LockBasedStorageManager$LockBasedLazyValue.invoke(LockBasedStorageManager.java:408)
	at org.jetbrains.kotlin.storage.LockBasedStorageManager$LockBasedNotNullLazyValue.invoke(LockBasedStorageManager.java:527)
	at org.jetbrains.kotlin.storage.StorageKt.getValue(storage.kt:42)
	at org.jetbrains.kotlin.resolve.jvm.multiplatform.OptionalAnnotationPackageFragmentProvider.getPackages(OptionalAnnotationPackageFragmentProvider.kt:38)
	at org.jetbrains.kotlin.resolve.jvm.multiplatform.OptionalAnnotationPackageFragmentProvider.isEmpty(OptionalAnnotationPackageFragmentProvider.kt:89)
	at org.jetbrains.kotlin.descriptors.PackageFragmentProviderKt.isEmpty(PackageFragmentProvider.kt:49)
	at org.jetbrains.kotlin.descriptors.impl.CompositePackageFragmentProvider.isEmpty(CompositePackageFragmentProvider.kt:51)
	at org.jetbrains.kotlin.descriptors.PackageFragmentProviderKt.isEmpty(PackageFragmentProvider.kt:49)
	at org.jetbrains.kotlin.descriptors.impl.CompositePackageFragmentProvider.isEmpty(CompositePackageFragmentProvider.kt:51)
	at org.jetbrains.kotlin.descriptors.PackageFragmentProviderKt.isEmpty(PackageFragmentProvider.kt:49)
	at org.jetbrains.kotlin.descriptors.impl.LazyPackageViewDescriptorImpl.empty_delegate$lambda$1(LazyPackageViewDescriptorImpl.kt:39)
	at org.jetbrains.kotlin.storage.LockBasedStorageManager$LockBasedLazyValue.invoke(LockBasedStorageManager.java:408)
	at org.jetbrains.kotlin.storage.LockBasedStorageManager$LockBasedNotNullLazyValue.invoke(LockBasedStorageManager.java:527)
	at org.jetbrains.kotlin.storage.StorageKt.getValue(storage.kt:42)
	at org.jetbrains.kotlin.descriptors.impl.LazyPackageViewDescriptorImpl.getEmpty(LazyPackageViewDescriptorImpl.kt:38)
	at org.jetbrains.kotlin.descriptors.impl.LazyPackageViewDescriptorImpl.isEmpty(LazyPackageViewDescriptorImpl.kt:42)
	at org.jetbrains.kotlin.resolve.QualifiedExpressionResolver.quickResolveToPackage(QualifiedExpressionResolver.kt:696)
	at org.jetbrains.kotlin.resolve.QualifiedExpressionResolver.resolveToPackageOrClassPrefix(QualifiedExpressionResolver.kt:516)
	at org.jetbrains.kotlin.resolve.QualifiedExpressionResolver.resolveToPackageOrClassPrefix$default(QualifiedExpressionResolver.kt:470)
	at org.jetbrains.kotlin.resolve.QualifiedExpressionResolver.resolveToPackageOrClass(QualifiedExpressionResolver.kt:458)
	at org.jetbrains.kotlin.resolve.QualifiedExpressionResolver.processSingleImport(QualifiedExpressionResolver.kt:319)
	at org.jetbrains.kotlin.resolve.QualifiedExpressionResolver.doProcessImportReference(QualifiedExpressionResolver.kt:271)
	at org.jetbrains.kotlin.resolve.QualifiedExpressionResolver.processImportReference$processReferenceInContextOf(QualifiedExpressionResolver.kt:218)
	at org.jetbrains.kotlin.resolve.QualifiedExpressionResolver.processImportReference(QualifiedExpressionResolver.kt:226)
	at org.jetbrains.kotlin.resolve.lazy.LazyImportResolver.importedScopesProvider$lambda$1$lambda$0(LazyImportScope.kt:111)
	at org.jetbrains.kotlin.storage.LockBasedStorageManager$MapBasedMemoizedFunction.invoke(LockBasedStorageManager.java:578)
	at org.jetbrains.kotlin.resolve.lazy.LazyImportResolver.getImportScope(LazyImportScope.kt:129)
	at org.jetbrains.kotlin.resolve.lazy.LazyImportResolverForKtImportDirective.forceResolveImportDirective$lambda$0(LazyImportScope.kt:170)
	at org.jetbrains.kotlin.storage.LockBasedStorageManager$MapBasedMemoizedFunction.invoke(LockBasedStorageManager.java:578)
	at org.jetbrains.kotlin.storage.LockBasedStorageManager$MapBasedMemoizedFunctionToNotNull.invoke(LockBasedStorageManager.java:681)
	at org.jetbrains.kotlin.resolve.lazy.LazyImportResolverForKtImportDirective.forceResolveImport(LazyImportScope.kt:231)
	at org.jetbrains.kotlin.resolve.lazy.LazyImportResolverForKtImportDirective.forceResolveNonDefaultImportsTask$lambda$3(LazyImportScope.kt:184)
	at org.jetbrains.kotlin.storage.LockBasedStorageManager$LockBasedLazyValue.invoke(LockBasedStorageManager.java:408)
	at org.jetbrains.kotlin.storage.LockBasedStorageManager$LockBasedNotNullLazyValue.invoke(LockBasedStorageManager.java:527)
	at org.jetbrains.kotlin.resolve.lazy.LazyImportResolverForKtImportDirective.forceResolveNonDefaultImports(LazyImportScope.kt:214)
	at org.jetbrains.kotlin.resolve.lazy.FileScopeFactory$FilesScopesBuilder$importResolver$1.forceResolveNonDefaultImports(FileScopeFactory.kt:170)
	at org.jetbrains.kotlin.resolve.LazyTopDownAnalyzer.resolveImportsInFile(LazyTopDownAnalyzer.kt:252)
	at org.jetbrains.kotlin.resolve.jvm.extensions.PartialAnalysisHandlerExtension.doAnalysis(PartialAnalysisHandlerExtension.kt:65)
	at org.jetbrains.kotlin.kapt3.AbstractKapt3Extension.doAnalysis(Kapt3Extension.kt:130)
	at org.jetbrains.kotlin.cli.jvm.compiler.TopDownAnalyzerFacadeForJVM.analyzeFilesWithJavaIntegration(TopDownAnalyzerFacadeForJVM.kt:112)
	at org.jetbrains.kotlin.cli.jvm.compiler.TopDownAnalyzerFacadeForJVM.analyzeFilesWithJavaIntegration$default(TopDownAnalyzerFacadeForJVM.kt:75)
	at org.jetbrains.kotlin.cli.jvm.compiler.KotlinToJVMBytecodeCompiler.analyze$lambda$12(KotlinToJVMBytecodeCompiler.kt:373)
	at org.jetbrains.kotlin.cli.common.messages.AnalyzerWithCompilerReport.analyzeAndReport(AnalyzerWithCompilerReport.kt:112)
	at org.jetbrains.kotlin.cli.jvm.compiler.KotlinToJVMBytecodeCompiler.analyze(KotlinToJVMBytecodeCompiler.kt:364)
	at org.jetbrains.kotlin.cli.jvm.compiler.KotlinToJVMBytecodeCompiler.runFrontendAndGenerateIrUsingClassicFrontend(KotlinToJVMBytecodeCompiler.kt:195)
	at org.jetbrains.kotlin.cli.jvm.compiler.KotlinToJVMBytecodeCompiler.compileModules$cli(KotlinToJVMBytecodeCompiler.kt:106)
	at org.jetbrains.kotlin.cli.jvm.K2JVMCompiler.doExecute(K2JVMCompiler.kt:170)
	at org.jetbrains.kotlin.cli.jvm.K2JVMCompiler.doExecute(K2JVMCompiler.kt:43)
	at org.jetbrains.kotlin.cli.common.CLICompiler.execImpl(CLICompiler.kt:103)
	at org.jetbrains.kotlin.cli.common.CLICompiler.execImpl(CLICompiler.kt:49)
	at org.jetbrains.kotlin.cli.common.CLITool.exec(CLITool.kt:101)
	at org.jetbrains.kotlin.incremental.IncrementalJvmCompilerRunner.runCompiler(IncrementalJvmCompilerRunner.kt:464)
	at org.jetbrains.kotlin.incremental.IncrementalJvmCompilerRunner.runCompiler(IncrementalJvmCompilerRunner.kt:73)
	at org.jetbrains.kotlin.incremental.IncrementalCompilerRunner.doCompile(IncrementalCompilerRunner.kt:506)
	at org.jetbrains.kotlin.incremental.IncrementalCompilerRunner.compileImpl(IncrementalCompilerRunner.kt:423)
	at org.jetbrains.kotlin.incremental.IncrementalCompilerRunner.compileNonIncrementally(IncrementalCompilerRunner.kt:301)
	at org.jetbrains.kotlin.incremental.IncrementalCompilerRunner.compile(IncrementalCompilerRunner.kt:129)
	at org.jetbrains.kotlin.daemon.CompileServiceImplBase.execIncrementalCompiler(CompileServiceImpl.kt:675)
	at org.jetbrains.kotlin.daemon.CompileServiceImplBase.access$execIncrementalCompiler(CompileServiceImpl.kt:92)
	at org.jetbrains.kotlin.daemon.CompileServiceImpl.compile(CompileServiceImpl.kt:1660)
	at java.base/jdk.internal.reflect.DirectMethodHandleAccessor.invoke(Unknown Source)
	at java.base/java.lang.reflect.Method.invoke(Unknown Source)
	at java.rmi/sun.rmi.server.UnicastServerRef.dispatch(Unknown Source)
	at java.rmi/sun.rmi.transport.Transport$1.run(Unknown Source)
	at java.rmi/sun.rmi.transport.Transport$1.run(Unknown Source)
	at java.base/java.security.AccessController.doPrivileged(Unknown Source)
	at java.rmi/sun.rmi.transport.Transport.serviceCall(Unknown Source)
	at java.rmi/sun.rmi.transport.tcp.TCPTransport.handleMessages(Unknown Source)
	at java.rmi/sun.rmi.transport.tcp.TCPTransport$ConnectionHandler.run0(Unknown Source)
	at java.rmi/sun.rmi.transport.tcp.TCPTransport$ConnectionHandler.lambda$run$0(Unknown Source)
	at java.base/java.security.AccessController.doPrivileged(Unknown Source)
	at java.rmi/sun.rmi.transport.tcp.TCPTransport$ConnectionHandler.run(Unknown Source)
	at java.base/java.util.concurrent.ThreadPoolExecutor.runWorker(Unknown Source)
	at java.base/java.util.concurrent.ThreadPoolExecutor$Worker.run(Unknown Source)
	at java.base/java.lang.Thread.run(Unknown Source)


